[C:/Users/Admin/OneDrive/Máy tính/New folder/web21/backblue.gif]
[C:/Users/Admin/OneDrive/Máy tính/New folder/web21/fade.gif]
[C:/Users/Admin/OneDrive/Máy tính/New folder/web21/index.html]
[C:/Users/Admin/OneDrive/Máy tính/New folder/web21/webcotheme.com/html/streetwear/stw004/images/popup-image.jpg]
[C:/Users/Admin/OneDrive/Máy tính/New folder/web21/webcotheme.com/html/streetwear/stw004/images/logo.png]
[C:/Users/Admin/OneDrive/Máy tính/New folder/web21/webcotheme.com/html/streetwear/stw004/images/1.jpg]
[C:/Users/Admin/OneDrive/Máy tính/New folder/web21/webcotheme.com/html/streetwear/stw004/images/2.jpg]
[C:/Users/Admin/OneDrive/Máy tính/New folder/web21/webcotheme.com/html/streetwear/stw004/images/drop_banner2.jpg]
[C:/Users/Admin/OneDrive/Máy tính/New folder/web21/webcotheme.com/html/streetwear/stw004/images/drop_banner.jpg]
[C:/Users/Admin/OneDrive/Máy tính/New folder/web21/webcotheme.com/html/streetwear/stw004/images/banner1.jpg]
[C:/Users/Admin/OneDrive/Máy tính/New folder/web21/webcotheme.com/html/streetwear/stw004/images/banner2.jpg]
[C:/Users/Admin/OneDrive/Máy tính/New folder/web21/webcotheme.com/html/streetwear/stw004/images/banner3.jpg]
[C:/Users/Admin/OneDrive/Máy tính/New folder/web21/webcotheme.com/html/streetwear/stw004/images/sub-banner1.jpg]
[C:/Users/Admin/OneDrive/Máy tính/New folder/web21/webcotheme.com/html/streetwear/stw004/images/sub-banner3.jpg]
[C:/Users/Admin/OneDrive/Máy tính/New folder/web21/webcotheme.com/html/streetwear/stw004/images/sub-banner4.jpg]
[C:/Users/Admin/OneDrive/Máy tính/New folder/web21/webcotheme.com/html/streetwear/stw004/images/sub-banner5.jpg]
[C:/Users/Admin/OneDrive/Máy tính/New folder/web21/webcotheme.com/html/streetwear/stw004/images/3.jpg]
[C:/Users/Admin/OneDrive/Máy tính/New folder/web21/webcotheme.com/html/streetwear/stw004/images/4.jpg]
[C:/Users/Admin/OneDrive/Máy tính/New folder/web21/webcotheme.com/html/streetwear/stw004/images/9.jpg]
[C:/Users/Admin/OneDrive/Máy tính/New folder/web21/webcotheme.com/html/streetwear/stw004/images/7.jpg]
[C:/Users/Admin/OneDrive/Máy tính/New folder/web21/webcotheme.com/html/streetwear/stw004/images/blog_img2.jpg]
[C:/Users/Admin/OneDrive/Máy tính/New folder/web21/webcotheme.com/html/streetwear/stw004/images/blog_img4.jpg]
[C:/Users/Admin/OneDrive/Máy tính/New folder/web21/webcotheme.com/html/streetwear/stw004/images/brand1.png]
[C:/Users/Admin/OneDrive/Máy tính/New folder/web21/webcotheme.com/html/streetwear/stw004/images/brand2.png]
[C:/Users/Admin/OneDrive/Máy tính/New folder/web21/webcotheme.com/html/streetwear/stw004/images/brand3.png]
[C:/Users/Admin/OneDrive/Máy tính/New folder/web21/webcotheme.com/html/streetwear/stw004/images/brand4.png]
[C:/Users/Admin/OneDrive/Máy tính/New folder/web21/webcotheme.com/html/streetwear/stw004/images/brand5.png]
[C:/Users/Admin/OneDrive/Máy tính/New folder/web21/webcotheme.com/html/streetwear/stw004/images/brand6.png]
[C:/Users/Admin/OneDrive/Máy tính/New folder/web21/webcotheme.com/html/streetwear/stw004/images/brand7.png]
[C:/Users/Admin/OneDrive/Máy tính/New folder/web21/webcotheme.com/html/streetwear/stw004/images/newsletter-icon.png]
[C:/Users/Admin/OneDrive/Máy tính/New folder/web21/webcotheme.com/html/streetwear/stw004/js/jquery-1.12.3.min.js]
[C:/Users/Admin/OneDrive/Máy tính/New folder/web21/webcotheme.com/html/streetwear/stw004/js/bootstrap.min.js]
[C:/Users/Admin/OneDrive/Máy tính/New folder/web21/webcotheme.com/html/streetwear/stw004/js/jquery-ui.js]
[C:/Users/Admin/OneDrive/Máy tính/New folder/web21/webcotheme.com/html/streetwear/stw004/js/fotorama.js]
[C:/Users/Admin/OneDrive/Máy tính/New folder/web21/webcotheme.com/html/streetwear/stw004/js/custom.js]
[C:/Users/Admin/OneDrive/Máy tính/New folder/web21/webcotheme.com/html/streetwear/stw004/index.html]
[C:/Users/Admin/OneDrive/Máy tính/New folder/web21/webcotheme.com/html/streetwear/stw004/fonts/fontawesome-webfont914c.eot]
[C:/Users/Admin/OneDrive/Máy tính/New folder/web21/webcotheme.com/html/streetwear/stw004/fonts/fontawesome-webfontd41d.eot]
[C:/Users/Admin/OneDrive/Máy tính/New folder/web21/webcotheme.com/html/streetwear/stw004/css/font-awesome.min.css]
[C:/Users/Admin/OneDrive/Máy tính/New folder/web21/webcotheme.com/html/streetwear/stw004/css/bootstrap.css]
[C:/Users/Admin/OneDrive/Máy tính/New folder/web21/webcotheme.com/html/streetwear/stw004/css/jquery-ui.css]
[C:/Users/Admin/OneDrive/Máy tính/New folder/web21/webcotheme.com/html/streetwear/stw004/css/owl.carousel.css]
[C:/Users/Admin/OneDrive/Máy tính/New folder/web21/webcotheme.com/html/streetwear/stw004/css/fotorama.css]
[C:/Users/Admin/OneDrive/Máy tính/New folder/web21/webcotheme.com/html/streetwear/stw004/css/magnific-popup.css]
[C:/Users/Admin/OneDrive/Máy tính/New folder/web21/webcotheme.com/html/streetwear/stw004/images/title-icon.png]
[C:/Users/Admin/OneDrive/Máy tính/New folder/web21/webcotheme.com/html/streetwear/stw004/images/select-icon.png]
[C:/Users/Admin/OneDrive/Máy tính/New folder/web21/webcotheme.com/html/streetwear/stw004/images/sprite.png]
[C:/Users/Admin/OneDrive/Máy tính/New folder/web21/webcotheme.com/html/streetwear/stw004/images/inner-banner.jpg]
[C:/Users/Admin/OneDrive/Máy tính/New folder/web21/webcotheme.com/html/streetwear/stw004/images/category.png]
[C:/Users/Admin/OneDrive/Máy tính/New folder/web21/webcotheme.com/html/streetwear/stw004/images/shipping_icon.png]
[C:/Users/Admin/OneDrive/Máy tính/New folder/web21/webcotheme.com/html/streetwear/stw004/images/grid-list.png]
[C:/Users/Admin/OneDrive/Máy tính/New folder/web21/webcotheme.com/html/streetwear/stw004/css/custom.css]
[C:/Users/Admin/OneDrive/Máy tính/New folder/web21/webcotheme.com/html/streetwear/stw004/css/responsive.css]
[C:/Users/Admin/OneDrive/Máy tính/New folder/web21/webcotheme.com/html/streetwear/stw004/images/favicon.html]
[C:/Users/Admin/OneDrive/Máy tính/New folder/web21/webcotheme.com/html/streetwear/stw004/images/apple-touch-icon.html]
[C:/Users/Admin/OneDrive/Máy tính/New folder/web21/webcotheme.com/html/streetwear/stw004/images/apple-touch-icon-72x72.html]
[C:/Users/Admin/OneDrive/Máy tính/New folder/web21/webcotheme.com/html/streetwear/stw004/images/apple-touch-icon-114x114.html]
[C:/Users/Admin/OneDrive/Máy tính/New folder/web21/webcotheme.com/html/streetwear/stw004/login.html]
[C:/Users/Admin/OneDrive/Máy tính/New folder/web21/webcotheme.com/html/streetwear/stw004/account.html]
[C:/Users/Admin/OneDrive/Máy tính/New folder/web21/webcotheme.com/html/streetwear/stw004/cart.html]
[C:/Users/Admin/OneDrive/Máy tính/New folder/web21/webcotheme.com/html/streetwear/stw004/images/about-sub.jpg]
[C:/Users/Admin/OneDrive/Máy tính/New folder/web21/webcotheme.com/html/streetwear/stw004/images/testimonial_img1.jpg]
[C:/Users/Admin/OneDrive/Máy tính/New folder/web21/webcotheme.com/html/streetwear/stw004/images/testimonial_img2.jpg]
[C:/Users/Admin/OneDrive/Máy tính/New folder/web21/webcotheme.com/html/streetwear/stw004/images/abt-brand1.png]
[C:/Users/Admin/OneDrive/Máy tính/New folder/web21/webcotheme.com/html/streetwear/stw004/images/abt-brand2.png]
[C:/Users/Admin/OneDrive/Máy tính/New folder/web21/webcotheme.com/html/streetwear/stw004/images/abt-brand3.png]
[C:/Users/Admin/OneDrive/Máy tính/New folder/web21/webcotheme.com/html/streetwear/stw004/images/abt-brand4.png]
[C:/Users/Admin/OneDrive/Máy tính/New folder/web21/webcotheme.com/html/streetwear/stw004/images/owner-logo.png]
[C:/Users/Admin/OneDrive/Máy tính/New folder/web21/webcotheme.com/html/streetwear/stw004/images/abt-brand5.png]
[C:/Users/Admin/OneDrive/Máy tính/New folder/web21/webcotheme.com/html/streetwear/stw004/images/abt-brand6.png]
[C:/Users/Admin/OneDrive/Máy tính/New folder/web21/webcotheme.com/html/streetwear/stw004/images/abt-brand7.png]
[C:/Users/Admin/OneDrive/Máy tính/New folder/web21/webcotheme.com/html/streetwear/stw004/images/abt-brand8.png]
[C:/Users/Admin/OneDrive/Máy tính/New folder/web21/webcotheme.com/html/streetwear/stw004/about.html]
[C:/Users/Admin/OneDrive/Máy tính/New folder/web21/webcotheme.com/html/streetwear/stw004/contact.html]
[C:/Users/Admin/OneDrive/Máy tính/New folder/web21/webcotheme.com/html/streetwear/stw004/images/404.png]
[C:/Users/Admin/OneDrive/Máy tính/New folder/web21/webcotheme.com/html/streetwear/stw004/404.html]
[C:/Users/Admin/OneDrive/Máy tính/New folder/web21/webcotheme.com/html/streetwear/stw004/blog.html]
[C:/Users/Admin/OneDrive/Máy tính/New folder/web21/webcotheme.com/html/streetwear/stw004/images/comment-user.jpg]
[C:/Users/Admin/OneDrive/Máy tính/New folder/web21/webcotheme.com/html/streetwear/stw004/single-blog.html]
[C:/Users/Admin/OneDrive/Máy tính/New folder/web21/webcotheme.com/html/streetwear/stw004/product-page.html]
[C:/Users/Admin/OneDrive/Máy tính/New folder/web21/webcotheme.com/html/streetwear/stw004/images/10.jpg]
[C:/Users/Admin/OneDrive/Máy tính/New folder/web21/webcotheme.com/html/streetwear/stw004/images/sub-banner2.jpg]
[C:/Users/Admin/OneDrive/Máy tính/New folder/web21/webcotheme.com/html/streetwear/stw004/images/11.jpg]
[C:/Users/Admin/OneDrive/Máy tính/New folder/web21/webcotheme.com/html/streetwear/stw004/images/5.jpg]
[C:/Users/Admin/OneDrive/Máy tính/New folder/web21/webcotheme.com/html/streetwear/stw004/images/blog_img1.jpg]
[C:/Users/Admin/OneDrive/Máy tính/New folder/web21/webcotheme.com/html/streetwear/stw004/images/blog_img3.jpg]
[C:/Users/Admin/OneDrive/Máy tính/New folder/web21/webcotheme.com/html/streetwear/stw004/images/blog_img5.jpg]
[C:/Users/Admin/OneDrive/Máy tính/New folder/web21/webcotheme.com/html/streetwear/stw004/js/owl.carousel.min.js]
[C:/Users/Admin/OneDrive/Máy tính/New folder/web21/webcotheme.com/html/streetwear/stw004/fonts/fontawesome-webfont914c.woff2]
[C:/Users/Admin/OneDrive/Máy tính/New folder/web21/webcotheme.com/html/streetwear/stw004/fonts/fontawesome-webfont914c.ttf]
[C:/Users/Admin/OneDrive/Máy tính/New folder/web21/webcotheme.com/html/streetwear/stw004/fonts/fontawesome-webfont914c.woff]
[C:/Users/Admin/OneDrive/Máy tính/New folder/web21/webcotheme.com/html/streetwear/stw004/fonts/fontawesome-webfont914c.svg]
[C:/Users/Admin/OneDrive/Máy tính/New folder/web21/webcotheme.com/html/streetwear/stw004/fonts/glyphicons-halflings-regulard41d.html]
[C:/Users/Admin/OneDrive/Máy tính/New folder/web21/webcotheme.com/html/streetwear/stw004/fonts/glyphicons-halflings-regular.html]
[C:/Users/Admin/OneDrive/Máy tính/New folder/web21/webcotheme.com/html/streetwear/stw004/fonts/glyphicons-halflings-regular-2.html]
[C:/Users/Admin/OneDrive/Máy tính/New folder/web21/webcotheme.com/html/streetwear/stw004/fonts/glyphicons-halflings-regular-3.html]
[C:/Users/Admin/OneDrive/Máy tính/New folder/web21/webcotheme.com/html/streetwear/stw004/fonts/glyphicons-halflings-regular-4.html]
[C:/Users/Admin/OneDrive/Máy tính/New folder/web21/webcotheme.com/html/streetwear/stw004/css/images/ui-bg_highlight-soft_100_eeeeee_1x100.html]
[C:/Users/Admin/OneDrive/Máy tính/New folder/web21/webcotheme.com/html/streetwear/stw004/css/images/ui-bg_gloss-wave_35_f6a828_500x100.html]
[C:/Users/Admin/OneDrive/Máy tính/New folder/web21/webcotheme.com/html/streetwear/stw004/css/images/ui-bg_glass_100_dcbd71_1x400.html]
[C:/Users/Admin/OneDrive/Máy tính/New folder/web21/webcotheme.com/html/streetwear/stw004/css/images/ui-bg_glass_65_dcbd71_1x400.html]
[C:/Users/Admin/OneDrive/Máy tính/New folder/web21/webcotheme.com/html/streetwear/stw004/css/images/ui-bg_highlight-soft_75_ffe45c_1x100.html]
[C:/Users/Admin/OneDrive/Máy tính/New folder/web21/webcotheme.com/html/streetwear/stw004/css/images/ui-bg_diagonals-thick_18_b81900_40x40.html]
[C:/Users/Admin/OneDrive/Máy tính/New folder/web21/webcotheme.com/html/streetwear/stw004/css/images/ui-icons_222222_256x240.html]
[C:/Users/Admin/OneDrive/Máy tính/New folder/web21/webcotheme.com/html/streetwear/stw004/css/images/ui-icons_ffffff_256x240.html]
[C:/Users/Admin/OneDrive/Máy tính/New folder/web21/webcotheme.com/html/streetwear/stw004/css/images/ui-icons_ef8c08_256x240.html]
[C:/Users/Admin/OneDrive/Máy tính/New folder/web21/webcotheme.com/html/streetwear/stw004/css/images/ui-icons_228ef1_256x240.html]
[C:/Users/Admin/OneDrive/Máy tính/New folder/web21/webcotheme.com/html/streetwear/stw004/css/images/ui-icons_ffd27a_256x240.html]
[C:/Users/Admin/OneDrive/Máy tính/New folder/web21/webcotheme.com/html/streetwear/stw004/css/images/ui-bg_diagonals-thick_20_666666_40x40.html]
[C:/Users/Admin/OneDrive/Máy tính/New folder/web21/webcotheme.com/html/streetwear/stw004/css/images/ui-bg_flat_10_000000_40x100.html]
[C:/Users/Admin/OneDrive/Máy tính/New folder/web21/webcotheme.com/html/streetwear/stw004/css/grabbing.html]
[C:/Users/Admin/OneDrive/Máy tính/New folder/web21/webcotheme.com/html/streetwear/stw004/css/fotorama.html]
[C:/Users/Admin/OneDrive/Máy tính/New folder/web21/webcotheme.com/html/streetwear/stw004/css/fotorama@2x.html]
[C:/Users/Admin/OneDrive/Máy tính/New folder/web21/webcotheme.com/html/streetwear/stw004/images/Preloader_2.html]
[C:/Users/Admin/OneDrive/Máy tính/New folder/web21/webcotheme.com/html/streetwear/stw004/images/parallax.jpg]
[C:/Users/Admin/OneDrive/Máy tính/New folder/web21/webcotheme.com/html/streetwear/stw004/register.html]
[C:/Users/Admin/OneDrive/Máy tính/New folder/web21/webcotheme.com/html/streetwear/stw004/checkout.html]
[C:/Users/Admin/OneDrive/Máy tính/New folder/web21/webcotheme.com/html/streetwear/stw004/shop.html]
[C:/Users/Admin/OneDrive/Máy tính/New folder/web21/webcotheme.com/html/streetwear/stw004/css/flexslider.html]
[C:/Users/Admin/OneDrive/Máy tính/New folder/web21/webcotheme.com/html/streetwear/stw004/js/jquery.flexslider.html]
[C:/Users/Admin/OneDrive/Máy tính/New folder/web21/webcotheme.com/html/streetwear/stw004/images/12.jpg]
[C:/Users/Admin/OneDrive/Máy tính/New folder/web21/webcotheme.com/html/streetwear/stw004/images/6.jpg]
[C:/Users/Admin/OneDrive/Máy tính/New folder/web21/webcotheme.com/html/streetwear/stw004/images/left-banner.jpg]
[C:/Users/Admin/OneDrive/Máy tính/New folder/web21/webcotheme.com/html/streetwear/stw004/shop-list.html]
[C:/Users/Admin/OneDrive/Máy tính/New folder/web21/webcotheme.com/html/streetwear/stw004/images/banner4.jpg]
[C:/Users/Admin/OneDrive/Máy tính/New folder/web21/webcotheme.com/html/streetwear/stw004/images/8.jpg]
[C:/Users/Admin/OneDrive/Máy tính/New folder/web21/webcotheme.com/html/streetwear/stw004/js/jquery.magnific-popup.js]
[C:/Users/Admin/OneDrive/Máy tính/New folder/web21/webcotheme.com/html/streetwear/stw004/fonts/glyphicons-halflings-regular.eot]
[C:/Users/Admin/OneDrive/Máy tính/New folder/web21/webcotheme.com/html/streetwear/stw004/order-overview.html]
[C:/Users/Admin/OneDrive/Máy tính/New folder/web21/webcotheme.com/html/streetwear/stw004/images/paypal-img.png]
[C:/Users/Admin/OneDrive/Máy tính/New folder/web21/webcotheme.com/html/streetwear/stw004/images/payment-method.png]
[C:/Users/Admin/OneDrive/Máy tính/New folder/web21/webcotheme.com/html/streetwear/stw004/payment.html]
[C:/Users/Admin/OneDrive/Máy tính/New folder/web21/webcotheme.com/html/streetwear/stw004/order-complete.html]
[C:/Users/Admin/OneDrive/Máy tính/New folder/web21/webcotheme.com/html/streetwear/stw004/images/testimonial_img3.jpg]
